// Jest Snapshot v1, https://goo.gl/fbAQLP

exports[`Test PlayField component matches the snapshot 1`] = `
ShallowWrapper {
  "length": 1,
  Symbol(enzyme.__root__): [Circular],
  Symbol(enzyme.__unrendered__): <ControlPanel
    buyInsuranceOnClick={[MockFunction]}
    dealOnClick={[MockFunction]}
    dealer={
      Object {
        "avatar": "./images/dealer.png",
        "busted": Array [
          false,
        ],
        "hand": Array [
          "HA",
          "C5",
        ],
        "handFlipped": false,
        "hasBlackjack": Array [
          false,
        ],
        "name": "Dealer",
        "score": Array [
          0,
        ],
      }
    }
    deck={
      Object {
        "deck": Array [],
        "drawnCard": null,
      }
    }
    doubleDownOnClick={[MockFunction]}
    hitOnClick={[MockFunction]}
    loseBet={[MockFunction]}
    player={
      Object {
        "avatar": "./images/default.png",
        "balance": 0,
        "busted": Array [
          false,
        ],
        "currentBet": 0,
        "hands": Array [
          Array [
            "SA",
            "CK",
          ],
          Array [
            "D2",
            "HJ",
          ],
        ],
        "hasBlackjack": Array [
          false,
        ],
        "hasInsurance": Array [
          false,
        ],
        "name": "Player1",
        "playerIndex": 1,
        "playerStands": Array [
          false,
        ],
        "score": Array [
          0,
        ],
        "splitHand": false,
      }
    }
    reset={[MockFunction]}
    splitOnClick={[MockFunction]}
    standOnClick={[MockFunction]}
    turn={
      Object {
        "errMsg": "",
        "error": false,
        "isPlaying": true,
        "numPlayers": 2,
        "playersTurn": 0,
      }
    }
    winBet={[MockFunction]}
  />,
  Symbol(enzyme.__renderer__): Object {
    "batchedUpdates": [Function],
    "getNode": [Function],
    "render": [Function],
    "simulateEvent": [Function],
    "unmount": [Function],
  },
  Symbol(enzyme.__node__): Object {
    "instance": null,
    "key": undefined,
    "nodeType": "function",
    "props": Object {
      "children": Array [
        <Label
          className="ControlPanel_main_panel-header"
          tag="label"
          widths={
            Array [
              "xs",
              "sm",
              "md",
              "lg",
              "xl",
            ]
          }
        >
          Control Panel
        </Label>,
        <Button
          block={true}
          color="secondary"
          disabled={false}
          onClick={[MockFunction]}
          size="md"
          tag="button"
        >
          <FontAwesome
            name="hand-point-down"
          />
          Hit
        </Button>,
        <Button
          block={true}
          color="secondary"
          disabled={false}
          onClick={[MockFunction]}
          size="md"
          tag="button"
        >
          <FontAwesome
            name="hand-paper"
          />
          Stand
        </Button>,
        <Button
          block={true}
          color="secondary"
          disabled={true}
          onClick={[MockFunction]}
          size="md"
          tag="button"
        >
          <FontAwesome
            name="hand-scissors"
          />
          Split
        </Button>,
        <Button
          block={true}
          color="secondary"
          disabled={false}
          onClick={[MockFunction]}
          size="md"
          tag="button"
        >
          <FontAwesome
            name="hand-peace"
          />
          Double Down
        </Button>,
        <Button
          block={true}
          color="secondary"
          disabled={true}
          onClick={[MockFunction]}
          size="md"
          tag="button"
        >
          Buy Insurance
        </Button>,
        <Button
          block={true}
          color="primary"
          disabled={true}
          onClick={[MockFunction]}
          size="md"
          tag="button"
        >
          Deal
        </Button>,
      ],
      "className": "ControlPanel_main",
      "lg": "12",
      "md": "8",
      "sm": "6",
      "tag": "form",
      "xs": "4",
    },
    "ref": null,
    "rendered": Array [
      Object {
        "instance": null,
        "key": undefined,
        "nodeType": "function",
        "props": Object {
          "children": "Control Panel",
          "className": "ControlPanel_main_panel-header",
          "tag": "label",
          "widths": Array [
            "xs",
            "sm",
            "md",
            "lg",
            "xl",
          ],
        },
        "ref": null,
        "rendered": "Control Panel",
        "type": [Function],
      },
      Object {
        "instance": null,
        "key": undefined,
        "nodeType": "class",
        "props": Object {
          "block": true,
          "children": Array [
            <FontAwesome
              name="hand-point-down"
            />,
            "Hit",
          ],
          "color": "secondary",
          "disabled": false,
          "onClick": [MockFunction],
          "size": "md",
          "tag": "button",
        },
        "ref": null,
        "rendered": Array [
          Object {
            "instance": null,
            "key": undefined,
            "nodeType": "class",
            "props": Object {
              "name": "hand-point-down",
            },
            "ref": null,
            "rendered": null,
            "type": [Function],
          },
          "Hit",
        ],
        "type": [Function],
      },
      Object {
        "instance": null,
        "key": undefined,
        "nodeType": "class",
        "props": Object {
          "block": true,
          "children": Array [
            <FontAwesome
              name="hand-paper"
            />,
            "Stand",
          ],
          "color": "secondary",
          "disabled": false,
          "onClick": [MockFunction],
          "size": "md",
          "tag": "button",
        },
        "ref": null,
        "rendered": Array [
          Object {
            "instance": null,
            "key": undefined,
            "nodeType": "class",
            "props": Object {
              "name": "hand-paper",
            },
            "ref": null,
            "rendered": null,
            "type": [Function],
          },
          "Stand",
        ],
        "type": [Function],
      },
      Object {
        "instance": null,
        "key": undefined,
        "nodeType": "class",
        "props": Object {
          "block": true,
          "children": Array [
            <FontAwesome
              name="hand-scissors"
            />,
            "Split",
          ],
          "color": "secondary",
          "disabled": true,
          "onClick": [MockFunction],
          "size": "md",
          "tag": "button",
        },
        "ref": null,
        "rendered": Array [
          Object {
            "instance": null,
            "key": undefined,
            "nodeType": "class",
            "props": Object {
              "name": "hand-scissors",
            },
            "ref": null,
            "rendered": null,
            "type": [Function],
          },
          "Split",
        ],
        "type": [Function],
      },
      Object {
        "instance": null,
        "key": undefined,
        "nodeType": "class",
        "props": Object {
          "block": true,
          "children": Array [
            <FontAwesome
              name="hand-peace"
            />,
            "Double Down",
          ],
          "color": "secondary",
          "disabled": false,
          "onClick": [MockFunction],
          "size": "md",
          "tag": "button",
        },
        "ref": null,
        "rendered": Array [
          Object {
            "instance": null,
            "key": undefined,
            "nodeType": "class",
            "props": Object {
              "name": "hand-peace",
            },
            "ref": null,
            "rendered": null,
            "type": [Function],
          },
          "Double Down",
        ],
        "type": [Function],
      },
      Object {
        "instance": null,
        "key": undefined,
        "nodeType": "class",
        "props": Object {
          "block": true,
          "children": "Buy Insurance",
          "color": "secondary",
          "disabled": true,
          "onClick": [MockFunction],
          "size": "md",
          "tag": "button",
        },
        "ref": null,
        "rendered": "Buy Insurance",
        "type": [Function],
      },
      Object {
        "instance": null,
        "key": undefined,
        "nodeType": "class",
        "props": Object {
          "block": true,
          "children": "Deal",
          "color": "primary",
          "disabled": true,
          "onClick": [MockFunction],
          "size": "md",
          "tag": "button",
        },
        "ref": null,
        "rendered": "Deal",
        "type": [Function],
      },
    ],
    "type": [Function],
  },
  Symbol(enzyme.__nodes__): Array [
    Object {
      "instance": null,
      "key": undefined,
      "nodeType": "function",
      "props": Object {
        "children": Array [
          <Label
            className="ControlPanel_main_panel-header"
            tag="label"
            widths={
              Array [
                "xs",
                "sm",
                "md",
                "lg",
                "xl",
              ]
            }
          >
            Control Panel
          </Label>,
          <Button
            block={true}
            color="secondary"
            disabled={false}
            onClick={[MockFunction]}
            size="md"
            tag="button"
          >
            <FontAwesome
              name="hand-point-down"
            />
            Hit
          </Button>,
          <Button
            block={true}
            color="secondary"
            disabled={false}
            onClick={[MockFunction]}
            size="md"
            tag="button"
          >
            <FontAwesome
              name="hand-paper"
            />
            Stand
          </Button>,
          <Button
            block={true}
            color="secondary"
            disabled={true}
            onClick={[MockFunction]}
            size="md"
            tag="button"
          >
            <FontAwesome
              name="hand-scissors"
            />
            Split
          </Button>,
          <Button
            block={true}
            color="secondary"
            disabled={false}
            onClick={[MockFunction]}
            size="md"
            tag="button"
          >
            <FontAwesome
              name="hand-peace"
            />
            Double Down
          </Button>,
          <Button
            block={true}
            color="secondary"
            disabled={true}
            onClick={[MockFunction]}
            size="md"
            tag="button"
          >
            Buy Insurance
          </Button>,
          <Button
            block={true}
            color="primary"
            disabled={true}
            onClick={[MockFunction]}
            size="md"
            tag="button"
          >
            Deal
          </Button>,
        ],
        "className": "ControlPanel_main",
        "lg": "12",
        "md": "8",
        "sm": "6",
        "tag": "form",
        "xs": "4",
      },
      "ref": null,
      "rendered": Array [
        Object {
          "instance": null,
          "key": undefined,
          "nodeType": "function",
          "props": Object {
            "children": "Control Panel",
            "className": "ControlPanel_main_panel-header",
            "tag": "label",
            "widths": Array [
              "xs",
              "sm",
              "md",
              "lg",
              "xl",
            ],
          },
          "ref": null,
          "rendered": "Control Panel",
          "type": [Function],
        },
        Object {
          "instance": null,
          "key": undefined,
          "nodeType": "class",
          "props": Object {
            "block": true,
            "children": Array [
              <FontAwesome
                name="hand-point-down"
              />,
              "Hit",
            ],
            "color": "secondary",
            "disabled": false,
            "onClick": [MockFunction],
            "size": "md",
            "tag": "button",
          },
          "ref": null,
          "rendered": Array [
            Object {
              "instance": null,
              "key": undefined,
              "nodeType": "class",
              "props": Object {
                "name": "hand-point-down",
              },
              "ref": null,
              "rendered": null,
              "type": [Function],
            },
            "Hit",
          ],
          "type": [Function],
        },
        Object {
          "instance": null,
          "key": undefined,
          "nodeType": "class",
          "props": Object {
            "block": true,
            "children": Array [
              <FontAwesome
                name="hand-paper"
              />,
              "Stand",
            ],
            "color": "secondary",
            "disabled": false,
            "onClick": [MockFunction],
            "size": "md",
            "tag": "button",
          },
          "ref": null,
          "rendered": Array [
            Object {
              "instance": null,
              "key": undefined,
              "nodeType": "class",
              "props": Object {
                "name": "hand-paper",
              },
              "ref": null,
              "rendered": null,
              "type": [Function],
            },
            "Stand",
          ],
          "type": [Function],
        },
        Object {
          "instance": null,
          "key": undefined,
          "nodeType": "class",
          "props": Object {
            "block": true,
            "children": Array [
              <FontAwesome
                name="hand-scissors"
              />,
              "Split",
            ],
            "color": "secondary",
            "disabled": true,
            "onClick": [MockFunction],
            "size": "md",
            "tag": "button",
          },
          "ref": null,
          "rendered": Array [
            Object {
              "instance": null,
              "key": undefined,
              "nodeType": "class",
              "props": Object {
                "name": "hand-scissors",
              },
              "ref": null,
              "rendered": null,
              "type": [Function],
            },
            "Split",
          ],
          "type": [Function],
        },
        Object {
          "instance": null,
          "key": undefined,
          "nodeType": "class",
          "props": Object {
            "block": true,
            "children": Array [
              <FontAwesome
                name="hand-peace"
              />,
              "Double Down",
            ],
            "color": "secondary",
            "disabled": false,
            "onClick": [MockFunction],
            "size": "md",
            "tag": "button",
          },
          "ref": null,
          "rendered": Array [
            Object {
              "instance": null,
              "key": undefined,
              "nodeType": "class",
              "props": Object {
                "name": "hand-peace",
              },
              "ref": null,
              "rendered": null,
              "type": [Function],
            },
            "Double Down",
          ],
          "type": [Function],
        },
        Object {
          "instance": null,
          "key": undefined,
          "nodeType": "class",
          "props": Object {
            "block": true,
            "children": "Buy Insurance",
            "color": "secondary",
            "disabled": true,
            "onClick": [MockFunction],
            "size": "md",
            "tag": "button",
          },
          "ref": null,
          "rendered": "Buy Insurance",
          "type": [Function],
        },
        Object {
          "instance": null,
          "key": undefined,
          "nodeType": "class",
          "props": Object {
            "block": true,
            "children": "Deal",
            "color": "primary",
            "disabled": true,
            "onClick": [MockFunction],
            "size": "md",
            "tag": "button",
          },
          "ref": null,
          "rendered": "Deal",
          "type": [Function],
        },
      ],
      "type": [Function],
    },
  ],
  Symbol(enzyme.__options__): Object {
    "adapter": ReactSixteenAdapter {
      "options": Object {
        "enableComponentDidUpdateOnSetState": true,
      },
    },
  },
}
`;
